Kylie Minogue Will Destroy You In Scrabble
Alice Cooper Is Obsessed With Golf
Roger Daltrey Of The Who Loves Trout Fishing
Bill Wyman Of The Rolling Stones Never Leaves Home Without His Metal Detector
Grandmaster Flash Collects Cheesy Souvenir Mugs
Steve Vai Is An Amateur Beekeeper
Terminator X Of Public Enemy Raises Ostriches
Slash Is A Pinball Nut
Art Garfunkel Walks Literally Everywhere
Red Hot Chili Peppers Are Chess Masters (Especially Flea)